// Jest Snapshot v1, https://goo.gl/fbAQLP

exports[`check CustomTextField check UI snapshot 1`] = `
<div>
  <div
    class="wrapper error"
    data-testid="wrapper"
  >
    <input
      class="input "
      type="text"
    />
    <label
      class="label"
    >
      test
    </label>
  </div>
</div>
`;
